============================= test session starts =============================
platform win32 -- Python 3.10.11, pytest-8.3.5, pluggy-1.6.0 -- C:\Users\markb\AppData\Local\Programs\Python\Python310\python.exe
cachedir: .pytest_cache
rootdir: C:\repos\2Top
plugins: anyio-4.9.0, hydra-core-1.3.2, langsmith-0.3.18, flask-1.3.0, mock-3.14.0
collecting ... collected 1 item

tests/test_field_strategy.py::TestSignedDistanceField::test_evaluate_vectorized FAILED

================================== FAILURES ===================================
______________ TestSignedDistanceField.test_evaluate_vectorized _______________

self = <tests.test_field_strategy.TestSignedDistanceField object at 0x000002355DC079A0>
square_region = AreaRegion(outer_boundary=CompositeCurve(segments=[TrimmedImplicitCurve(base_curve=<PolynomialCurve (degree 1): y = 0>...urve (degree 1): x = 0>, mask=<function create_square_from_edges.<locals>.<lambda> at 0x000002355DD6CEE0>)]), holes=[])

    def test_evaluate_vectorized(self, square_region):
        """Test vectorized evaluation of signed distance field."""
        field = SignedDistanceField(square_region, resolution=0.1)
    
        x = np.array([1.0, 2.0, 5.0])
        y = np.array([1.0, 2.0, 5.0])
    
        result = field.evaluate(x, y)
        assert isinstance(result, np.ndarray)
        assert result.shape == x.shape
    
        # First two points inside (negative), last point outside (positive)
>       assert result[0] < 0
E       assert 0.0 < 0

tests\test_field_strategy.py:206: AssertionError
=========================== short test summary info ===========================
FAILED tests/test_field_strategy.py::TestSignedDistanceField::test_evaluate_vectorized
============================== 1 failed in 2.24s ==============================
